
> admin-panel@0.0.0 build
> vite build

[36mvite v5.4.21 [32mbuilding for production...[36m[39m
transforming...
node_modules/zod/v4/core/util.js (400:0): A comment

"// Wrapped in a `@__PURE__` IIFE: esbuild never tree-shakes a top-level initializer that contains a member access on `Number`, so the bare object literal survived into every bundle."

in "node_modules/zod/v4/core/util.js" contains an annotation that Rollup cannot interpret due to the position of the comment. The comment will be removed to avoid issues.
node_modules/zod/v4/core/regexes.js (74:0): A comment

"/** Anchors a pattern source. The interpolation lives here rather than at the call site because
 * esbuild will not drop a `@__PURE__` call whose own argument interpolates a variable, but it
 * will drop `anchor(dateSource)`. Keeping it inline pinned `date` into every bundle. */"

in "node_modules/zod/v4/core/regexes.js" contains an annotation that Rollup cannot interpret due to the position of the comment. The comment will be removed to avoid issues.
[32mΓ£ô[39m 4542 modules transformed.
x Build failed in 5.22s
error during build:
src/components/DataTable.jsx (4:2): "useReactTable" is not exported by "node_modules/@tanstack/react-table/dist/index.js", imported by "src/components/DataTable.jsx".
file: C:/Users/Tech Galaxy/Desktop/cloth/admin-panel/src/components/DataTable.jsx:4:2

2:   flexRender,
3:   getCoreRowModel,
4:   useReactTable,
     ^
5: } from '@tanstack/react-table';

    at getRollupError (file:///C:/Users/Tech%20Galaxy/Desktop/cloth/admin-panel/node_modules/rollup/dist/es/shared/parseAst.js:317:41)
    at error (file:///C:/Users/Tech%20Galaxy/Desktop/cloth/admin-panel/node_modules/rollup/dist/es/shared/parseAst.js:313:42)
    at Module.error (file:///C:/Users/Tech%20Galaxy/Desktop/cloth/admin-panel/node_modules/rollup/dist/es/shared/node-entry.js:17156:16)
    at Module.traceVariable (file:///C:/Users/Tech%20Galaxy/Desktop/cloth/admin-panel/node_modules/rollup/dist/es/shared/node-entry.js:17589:29)
    at ModuleScope.findVariable (file:///C:/Users/Tech%20Galaxy/Desktop/cloth/admin-panel/node_modules/rollup/dist/es/shared/node-entry.js:15179:39)
    at FunctionScope.findVariable (file:///C:/Users/Tech%20Galaxy/Desktop/cloth/admin-panel/node_modules/rollup/dist/es/shared/node-entry.js:5399:38)
    at FunctionBodyScope.findVariable (file:///C:/Users/Tech%20Galaxy/Desktop/cloth/admin-panel/node_modules/rollup/dist/es/shared/node-entry.js:5399:38)
    at Identifier.bind (file:///C:/Users/Tech%20Galaxy/Desktop/cloth/admin-panel/node_modules/rollup/dist/es/shared/node-entry.js:5166:40)
    at CallExpression.bind (file:///C:/Users/Tech%20Galaxy/Desktop/cloth/admin-panel/node_modules/rollup/dist/es/shared/node-entry.js:2548:23)
    at CallExpression.bind (file:///C:/Users/Tech%20Galaxy/Desktop/cloth/admin-panel/node_modules/rollup/dist/es/shared/node-entry.js:12288:15)
